
> deenflow-frontend@0.1.0 build
> vite build

The CJS build of Vite's Node API is deprecated. See https://vite.dev/guide/troubleshooting.html#vite-cjs-node-api-deprecated for more details.
[36mvite v5.4.21 [32mbuilding for production...[36m[39m
transforming...
Browserslist: browsers data (caniuse-lite) is 6 months old. Please run:
  npx update-browserslist-db@latest
  Why you should do it regularly: https://github.com/browserslist/update-db#readme
[32mΓ£ô[39m 2024 modules transformed.
rendering chunks...
computing gzip size...
[2mdist/[22m[32mindex.html                                 [39m[1m[2m  1.99 kB[22m[1m[22m[2m Γöé gzip:  0.95 kB[22m
[2mdist/[22m[35massets/index-kc-TiL1W.css                  [39m[1m[2m140.07 kB[22m[1m[22m[2m Γöé gzip: 18.99 kB[22m
[2mdist/[22m[36massets/Card-CNcaEVgM.js                    [39m[1m[2m  0.30 kB[22m[1m[22m[2m Γöé gzip:  0.23 kB[22m
[2mdist/[22m[36massets/check-BY6_NWA9.js                   [39m[1m[2m  0.30 kB[22m[1m[22m[2m Γöé gzip:  0.25 kB[22m
[2mdist/[22m[36massets/chevron-right-wGNQzsFE.js           [39m[1m[2m  0.31 kB[22m[1m[22m[2m Γöé gzip:  0.25 kB[22m
[2mdist/[22m[36massets/chevron-left-iUR1aPCi.js            [39m[1m[2m  0.31 kB[22m[1m[22m[2m Γöé gzip:  0.26 kB[22m
[2mdist/[22m[36massets/plus-BzMHBnvn.js                    [39m[1m[2m  0.34 kB[22m[1m[22m[2m Γöé gzip:  0.26 kB[22m
[2mdist/[22m[36massets/clock-u2on4Rku.js                   [39m[1m[2m  0.35 kB[22m[1m[22m[2m Γöé gzip:  0.28 kB[22m
[2mdist/[22m[36massets/arrow-right-B_PAoDk2.js             [39m[1m[2m  0.35 kB[22m[1m[22m[2m Γöé gzip:  0.27 kB[22m
[2mdist/[22m[36massets/search-BilHvCmG.js                  [39m[1m[2m  0.35 kB[22m[1m[22m[2m Γöé gzip:  0.28 kB[22m
[2mdist/[22m[36massets/circle-check-fx-IKqFT.js            [39m[1m[2m  0.36 kB[22m[1m[22m[2m Γöé gzip:  0.28 kB[22m
[2mdist/[22m[36massets/trending-up-fUewB524.js             [39m[1m[2m  0.36 kB[22m[1m[22m[2m Γöé gzip:  0.28 kB[22m
[2mdist/[22m[36massets/play-njc35vCf.js                    [39m[1m[2m  0.37 kB[22m[1m[22m[2m Γöé gzip:  0.29 kB[22m
[2mdist/[22m[36massets/info-ByeIwVl1.js                    [39m[1m[2m  0.38 kB[22m[1m[22m[2m Γöé gzip:  0.29 kB[22m
[2mdist/[22m[36massets/lock-BeiQ3tgN.js                    [39m[1m[2m  0.39 kB[22m[1m[22m[2m Γöé gzip:  0.30 kB[22m
[2mdist/[22m[36massets/target-k7MnxC8Q.js                  [39m[1m[2m  0.41 kB[22m[1m[22m[2m Γöé gzip:  0.27 kB[22m
[2mdist/[22m[36massets/bookmark-CGd2Lvsg.js                [39m[1m[2m  0.41 kB[22m[1m[22m[2m Γöé gzip:  0.31 kB[22m
[2mdist/[22m[36massets/message-square-atZGIdB7.js          [39m[1m[2m  0.42 kB[22m[1m[22m[2m Γöé gzip:  0.31 kB[22m
[2mdist/[22m[36massets/activity-pRXTCx39.js                [39m[1m[2m  0.42 kB[22m[1m[22m[2m Γöé gzip:  0.31 kB[22m
[2mdist/[22m[36massets/globe-DTJ0egzl.js                   [39m[1m[2m  0.42 kB[22m[1m[22m[2m Γöé gzip:  0.30 kB[22m
[2mdist/[22m[36massets/history-C4GMBSdv.js                 [39m[1m[2m  0.42 kB[22m[1m[22m[2m Γöé gzip:  0.31 kB[22m
[2mdist/[22m[36massets/compass-Dxr6NvJS.js                 [39m[1m[2m  0.43 kB[22m[1m[22m[2m Γöé gzip:  0.31 kB[22m
[2mdist/[22m[36massets/video-JrnIpmnv.js                   [39m[1m[2m  0.43 kB[22m[1m[22m[2m Γöé gzip:  0.33 kB[22m
[2mdist/[22m[36massets/circle-alert-BpCUQYWT.js            [39m[1m[2m  0.43 kB[22m[1m[22m[2m Γöé gzip:  0.30 kB[22m
[2mdist/[22m[36massets/calendar-DdFRZWPa.js                [39m[1m[2m  0.44 kB[22m[1m[22m[2m Γöé gzip:  0.31 kB[22m
[2mdist/[22m[36massets/zap-isdTrF12.js                     [39m[1m[2m  0.45 kB[22m[1m[22m[2m Γöé gzip:  0.32 kB[22m
[2mdist/[22m[36massets/book-open-0eUxqvUy.js               [39m[1m[2m  0.46 kB[22m[1m[22m[2m Γöé gzip:  0.32 kB[22m
[2mdist/[22m[36massets/send-CXHfFS53.js                    [39m[1m[2m  0.47 kB[22m[1m[22m[2m Γöé gzip:  0.34 kB[22m
[2mdist/[22m[36massets/users-D-8qsC90.js                   [39m[1m[2m  0.49 kB[22m[1m[22m[2m Γöé gzip:  0.33 kB[22m
[2mdist/[22m[36massets/shield-check-BI_KNqot.js            [39m[1m[2m  0.50 kB[22m[1m[22m[2m Γöé gzip:  0.36 kB[22m
[2mdist/[22m[36massets/graduation-cap-B19xrHgW.js          [39m[1m[2m  0.52 kB[22m[1m[22m[2m Γöé gzip:  0.36 kB[22m
[2mdist/[22m[36massets/share-2-CQEJnnFu.js                 [39m[1m[2m  0.54 kB[22m[1m[22m[2m Γöé gzip:  0.34 kB[22m
[2mdist/[22m[36massets/file-text-DgjOoxZC.js               [39m[1m[2m  0.57 kB[22m[1m[22m[2m Γöé gzip:  0.36 kB[22m
[2mdist/[22m[36massets/ActivityPage-CnFoyUL7.js            [39m[1m[2m  0.58 kB[22m[1m[22m[2m Γöé gzip:  0.40 kB[22m
[2mdist/[22m[36massets/star-CZEvPvJw.js                    [39m[1m[2m  0.66 kB[22m[1m[22m[2m Γöé gzip:  0.41 kB[22m
[2mdist/[22m[36massets/trophy-BheFGpj9.js                  [39m[1m[2m  0.66 kB[22m[1m[22m[2m Γöé gzip:  0.39 kB[22m
[2mdist/[22m[36massets/sparkles-BNq0O0E-.js                [39m[1m[2m  0.68 kB[22m[1m[22m[2m Γöé gzip:  0.40 kB[22m
[2mdist/[22m[36massets/CommunityPage-B5hAmGkt.js           [39m[1m[2m  0.95 kB[22m[1m[22m[2m Γöé gzip:  0.64 kB[22m
[2mdist/[22m[36massets/MarketplacePage-5XTSybVJ.js         [39m[1m[2m  1.00 kB[22m[1m[22m[2m Γöé gzip:  0.64 kB[22m
[2mdist/[22m[36massets/PremiumEmptyState-CDdbN5Df.js       [39m[1m[2m  1.79 kB[22m[1m[22m[2m Γöé gzip:  0.81 kB[22m
[2mdist/[22m[36massets/AdhanSettingsPage-BbERdANb.js       [39m[1m[2m  2.16 kB[22m[1m[22m[2m Γöé gzip:  0.94 kB[22m
[2mdist/[22m[36massets/NotificationsPage-DPK14MGM.js       [39m[1m[2m  2.45 kB[22m[1m[22m[2m Γöé gzip:  1.00 kB[22m
[2mdist/[22m[36massets/SavedReflections-CvQBlMwO.js        [39m[1m[2m  2.49 kB[22m[1m[22m[2m Γöé gzip:  1.15 kB[22m
[2mdist/[22m[36massets/createLucideIcon-BqsoKPHs.js        [39m[1m[2m  2.58 kB[22m[1m[22m[2m Γöé gzip:  0.81 kB[22m
[2mdist/[22m[36massets/TranslationsAdmin-DUbTXeFw.js       [39m[1m[2m  2.66 kB[22m[1m[22m[2m Γöé gzip:  1.07 kB[22m
[2mdist/[22m[36massets/RecitationsAdmin-Cn6_0-IT.js        [39m[1m[2m  2.78 kB[22m[1m[22m[2m Γöé gzip:  1.09 kB[22m
[2mdist/[22m[36massets/FavoritesPage-CKXihDoe.js           [39m[1m[2m  3.01 kB[22m[1m[22m[2m Γöé gzip:  1.16 kB[22m
[2mdist/[22m[36massets/ChangelogPage-BrNFjy6x.js           [39m[1m[2m  3.14 kB[22m[1m[22m[2m Γöé gzip:  1.24 kB[22m
[2mdist/[22m[36massets/AdminLogin-nYEk6hRX.js              [39m[1m[2m  3.28 kB[22m[1m[22m[2m Γöé gzip:  1.33 kB[22m
[2mdist/[22m[36massets/ModerationQueuePage-DDObress.js     [39m[1m[2m  3.31 kB[22m[1m[22m[2m Γöé gzip:  1.30 kB[22m
[2mdist/[22m[36massets/AnalyticsPage-rYrww-4p.js           [39m[1m[2m  3.50 kB[22m[1m[22m[2m Γöé gzip:  1.00 kB[22m
[2mdist/[22m[36massets/JuzPage-DPUih-ap.js                 [39m[1m[2m  3.62 kB[22m[1m[22m[2m Γöé gzip:  1.64 kB[22m
[2mdist/[22m[36massets/TasbihPage-CVITblYT.js              [39m[1m[2m  3.62 kB[22m[1m[22m[2m Γöé gzip:  1.48 kB[22m
[2mdist/[22m[36massets/QuranicDuasPage-dMtcQhIk.js         [39m[1m[2m  3.69 kB[22m[1m[22m[2m Γöé gzip:  1.46 kB[22m
[2mdist/[22m[36massets/DuaBySituationPage-r2jqc3yZ.js      [39m[1m[2m  3.74 kB[22m[1m[22m[2m Γöé gzip:  1.43 kB[22m
[2mdist/[22m[36massets/Settings-Ba3iswVj.js                [39m[1m[2m  3.98 kB[22m[1m[22m[2m Γöé gzip:  1.53 kB[22m
[2mdist/[22m[36massets/AuditLogPage-Bb3zAA4w.js            [39m[1m[2m  4.10 kB[22m[1m[22m[2m Γöé gzip:  1.29 kB[22m
[2mdist/[22m[36massets/NamesOfAllahPage-DuHHT7bH.js        [39m[1m[2m  4.16 kB[22m[1m[22m[2m Γöé gzip:  1.57 kB[22m
[2mdist/[22m[36massets/QuranPlayerPage-TR7p-5fU.js         [39m[1m[2m  4.25 kB[22m[1m[22m[2m Γöé gzip:  1.44 kB[22m
[2mdist/[22m[36massets/UpdatesPage-BE1drDj0.js             [39m[1m[2m  4.28 kB[22m[1m[22m[2m Γöé gzip:  1.67 kB[22m
[2mdist/[22m[36massets/PrivacyPage-uT_K8IXl.js             [39m[1m[2m  4.55 kB[22m[1m[22m[2m Γöé gzip:  1.47 kB[22m
[2mdist/[22m[36massets/TermsPage-CPkAvdh2.js               [39m[1m[2m  4.56 kB[22m[1m[22m[2m Γöé gzip:  1.57 kB[22m
[2mdist/[22m[36massets/AskQuestionPage-BlivfpqD.js         [39m[1m[2m  5.26 kB[22m[1m[22m[2m Γöé gzip:  2.01 kB[22m
[2mdist/[22m[36massets/Profile-CXKuS-T5.js                 [39m[1m[2m  5.35 kB[22m[1m[22m[2m Γöé gzip:  1.76 kB[22m
[2mdist/[22m[36massets/LearningPaths-Ch39rmtj.js           [39m[1m[2m  5.38 kB[22m[1m[22m[2m Γöé gzip:  1.99 kB[22m
[2mdist/[22m[36massets/PrayerTimesPage-B1D2xZvn.js         [39m[1m[2m  5.45 kB[22m[1m[22m[2m Γöé gzip:  1.92 kB[22m
[2mdist/[22m[36massets/DailyDhikrPage-kptnAoU6.js          [39m[1m[2m  5.60 kB[22m[1m[22m[2m Γöé gzip:  1.94 kB[22m
[2mdist/[22m[36massets/RulingEditorPage-C7TDFMkl.js        [39m[1m[2m  5.73 kB[22m[1m[22m[2m Γöé gzip:  1.63 kB[22m
[2mdist/[22m[36massets/SurahPage-Dk0VvIMX.js               [39m[1m[2m  6.02 kB[22m[1m[22m[2m Γöé gzip:  2.40 kB[22m
[2mdist/[22m[36massets/ReviewPanelPage-BXjRhime.js         [39m[1m[2m  6.36 kB[22m[1m[22m[2m Γöé gzip:  2.10 kB[22m
[2mdist/[22m[36massets/MyQuestionsPage-Dnd61KS2.js         [39m[1m[2m  6.44 kB[22m[1m[22m[2m Γöé gzip:  2.35 kB[22m
[2mdist/[22m[36massets/Login-wGyGfG_Y.js                   [39m[1m[2m  6.60 kB[22m[1m[22m[2m Γöé gzip:  2.34 kB[22m
[2mdist/[22m[36massets/Register-CNHonIA6.js                [39m[1m[2m  6.61 kB[22m[1m[22m[2m Γöé gzip:  2.03 kB[22m
[2mdist/[22m[36massets/FAQPage-B6E5egEC.js                 [39m[1m[2m  6.79 kB[22m[1m[22m[2m Γöé gzip:  2.77 kB[22m
[2mdist/[22m[36massets/QuranAdminHome-Ch9hCmgW.js          [39m[1m[2m  6.80 kB[22m[1m[22m[2m Γöé gzip:  1.89 kB[22m
[2mdist/[22m[36massets/FiqhLibraryPage-DYpt-wA-.js         [39m[1m[2m  7.15 kB[22m[1m[22m[2m Γöé gzip:  1.88 kB[22m
[2mdist/[22m[36massets/RemindersPage-C9WGVltH.js           [39m[1m[2m  7.61 kB[22m[1m[22m[2m Γöé gzip:  2.08 kB[22m
[2mdist/[22m[36massets/AnswerDetailPage-C0_bXvjG.js        [39m[1m[2m  7.97 kB[22m[1m[22m[2m Γöé gzip:  2.56 kB[22m
[2mdist/[22m[36massets/AdminMessagingPage-UoljN4Ka.js      [39m[1m[2m  8.27 kB[22m[1m[22m[2m Γöé gzip:  2.44 kB[22m
[2mdist/[22m[36massets/AdminProfilePage-D64WK_Xk.js        [39m[1m[2m  8.55 kB[22m[1m[22m[2m Γöé gzip:  2.30 kB[22m
[2mdist/[22m[36massets/ContactPage-Cpi03-j4.js             [39m[1m[2m  8.60 kB[22m[1m[22m[2m Γöé gzip:  2.06 kB[22m
[2mdist/[22m[36massets/Footer-BYYLAnQ0.js                  [39m[1m[2m  9.37 kB[22m[1m[22m[2m Γöé gzip:  3.31 kB[22m
[2mdist/[22m[36massets/AdminDashboardPage-DqgK5IdO.js      [39m[1m[2m  9.78 kB[22m[1m[22m[2m Γöé gzip:  3.03 kB[22m
[2mdist/[22m[36massets/AIAnswerReviewPanel-B-DTgnMe.js     [39m[1m[2m  9.82 kB[22m[1m[22m[2m Γöé gzip:  2.69 kB[22m
[2mdist/[22m[36massets/ContentListPage-BMM_JE8N.js         [39m[1m[2m 10.07 kB[22m[1m[22m[2m Γöé gzip:  2.71 kB[22m
[2mdist/[22m[36massets/ReportedContentPage-BpWqyYsJ.js     [39m[1m[2m 10.14 kB[22m[1m[22m[2m Γöé gzip:  2.85 kB[22m
[2mdist/[22m[36massets/AudioPlayerBar-BW96EuCZ.js          [39m[1m[2m 10.16 kB[22m[1m[22m[2m Γöé gzip:  3.36 kB[22m
[2mdist/[22m[36massets/QuranHome-B0Kv8O8t.js               [39m[1m[2m 10.45 kB[22m[1m[22m[2m Γöé gzip:  3.20 kB[22m
[2mdist/[22m[36massets/AIInteractionLogsPage-T16utf8w.js   [39m[1m[2m 10.62 kB[22m[1m[22m[2m Γöé gzip:  2.61 kB[22m
[2mdist/[22m[36massets/UpgradePage-DrJrYbsf.js             [39m[1m[2m 11.52 kB[22m[1m[22m[2m Γöé gzip:  3.89 kB[22m
[2mdist/[22m[36massets/RolesPermissionsPage-BMWEbstx.js    [39m[1m[2m 11.66 kB[22m[1m[22m[2m Γöé gzip:  3.18 kB[22m
[2mdist/[22m[36massets/AdminSettingsPage-wtAla2dE.js       [39m[1m[2m 11.71 kB[22m[1m[22m[2m Γöé gzip:  2.65 kB[22m
[2mdist/[22m[36massets/FlaggedAIAnswersPage-CKELGdvz.js    [39m[1m[2m 11.87 kB[22m[1m[22m[2m Γöé gzip:  3.34 kB[22m
[2mdist/[22m[36massets/MemberDashboardPage-zmk_FStE.js     [39m[1m[2m 11.90 kB[22m[1m[22m[2m Γöé gzip:  3.36 kB[22m
[2mdist/[22m[36massets/LessonListPage-kVPYduyg.js          [39m[1m[2m 12.66 kB[22m[1m[22m[2m Γöé gzip:  3.71 kB[22m
[2mdist/[22m[36massets/DeenPlanner-D2M1DYkC.js             [39m[1m[2m 12.95 kB[22m[1m[22m[2m Γöé gzip:  3.59 kB[22m
[2mdist/[22m[36massets/MessagesPage-610cJp_2.js            [39m[1m[2m 12.97 kB[22m[1m[22m[2m Γöé gzip:  3.77 kB[22m
[2mdist/[22m[36massets/CategoriesAndTagsPage-D4PXwVPQ.js   [39m[1m[2m 14.68 kB[22m[1m[22m[2m Γöé gzip:  3.55 kB[22m
[2mdist/[22m[36massets/ContentEditorPage-BAuBgzsO.js       [39m[1m[2m 15.59 kB[22m[1m[22m[2m Γöé gzip:  3.75 kB[22m
[2mdist/[22m[36massets/ConsultationsPage-Cc0YkPZ_.js       [39m[1m[2m 16.19 kB[22m[1m[22m[2m Γöé gzip:  4.49 kB[22m
[2mdist/[22m[36massets/AdminWorshipPage-Bn98wfRr.js        [39m[1m[2m 16.37 kB[22m[1m[22m[2m Γöé gzip:  3.38 kB[22m
[2mdist/[22m[36massets/DonationsPage-D5INJT98.js           [39m[1m[2m 16.54 kB[22m[1m[22m[2m Γöé gzip:  4.66 kB[22m
[2mdist/[22m[36massets/UsersListPage-DPlQvVug.js           [39m[1m[2m 16.74 kB[22m[1m[22m[2m Γöé gzip:  3.83 kB[22m
[2mdist/[22m[36massets/ScholarsManagementPage-C5H8nU0K.js  [39m[1m[2m 18.03 kB[22m[1m[22m[2m Γöé gzip:  4.16 kB[22m
[2mdist/[22m[36massets/AdminLayout-Btw_FDZ_.js             [39m[1m[2m 18.79 kB[22m[1m[22m[2m Γöé gzip:  4.76 kB[22m
[2mdist/[22m[36massets/LandingPage-V89-rtH7.js             [39m[1m[2m 20.20 kB[22m[1m[22m[2m Γöé gzip:  5.49 kB[22m
[2mdist/[22m[36massets/AIConfigurationPage-D5NDRexx.js     [39m[1m[2m 22.01 kB[22m[1m[22m[2m Γöé gzip:  4.96 kB[22m
[2mdist/[22m[36massets/MemberLayout-CXeHWy4J.js            [39m[1m[2m 24.20 kB[22m[1m[22m[2m Γöé gzip:  4.87 kB[22m
[2mdist/[22m[36massets/LessonDetailPage-BP68dJSy.js        [39m[1m[2m130.43 kB[22m[1m[22m[2m Γöé gzip: 40.09 kB[22m
[2mdist/[22m[36massets/index-K1dffbJp.js                   [39m[1m[2m223.07 kB[22m[1m[22m[2m Γöé gzip: 74.41 kB[22m
[32mΓ£ô built in 1m 10s[39m
