
> deenflow-frontend@0.1.0 dev
> vite --port 5173 --strictPort

[33mThe CJS build of Vite's Node API is deprecated. See https://vite.dev/guide/troubleshooting.html#vite-cjs-node-api-deprecated for more details.[39m

  [32m[1mVITE[22m v5.4.21[39m  [2mready in [0m[1m3390[22m[2m[0m ms[22m

  [32m➜[39m  [1mLocal[22m:   [36mhttp://localhost:[1m5173[22m/[39m
  [32m➜[39m  [1mNetwork[22m: [36mhttp://172.29.80.1:[1m5173[22m/[39m
  [32m➜[39m  [1mNetwork[22m: [36mhttp://169.254.199.240:[1m5173[22m/[39m
  [32m➜[39m  [1mNetwork[22m: [36mhttp://192.168.56.1:[1m5173[22m/[39m
  [32m➜[39m  [1mNetwork[22m: [36mhttp://192.168.181.126:[1m5173[22m/[39m
Browserslist: browsers data (caniuse-lite) is 6 months old. Please run:
  npx update-browserslist-db@latest
  Why you should do it regularly: https://github.com/browserslist/update-db#readme
[2m00:09:39[22m [36m[1m[vite][22m[39m [32mhmr update [39m[2m/src/contexts/AuthContext.jsx, /src/index.css[22m
[2m00:09:48[22m [36m[1m[vite][22m[39m [33mhmr invalidate [39m[2m/src/contexts/AuthContext.jsx[22m Could not Fast Refresh ("default" export is incompatible). Learn more at https://github.com/vitejs/vite-plugin-react/tree/main/packages/plugin-react#consistent-components-exports
[2m00:09:48[22m [36m[1m[vite][22m[39m [32mhmr update [39m[2m/src/index.css, /src/App.jsx, /src/components/ProtectedRoute.jsx, /src/contexts/NotificationContext.jsx, /src/components/AdminRoute.jsx, /src/contexts/ThemeContext.jsx, /src/pages/Landing/LandingPage.jsx, /src/pages/Auth/Login.jsx, /src/components/Member/MemberLayout.jsx, /src/components/Member/AppSidebar.jsx, /src/components/Member/AppTopbar.jsx, /src/components/Footer.jsx, /src/pages/Member/MemberDashboardPage.jsx, /src/pages/Member/MessagesPage.jsx, /src/pages/Profile.jsx, /src/pages/Settings.jsx[22m
[2m00:09:51[22m [36m[1m[vite][22m[39m [33mhmr invalidate [39m[2m/src/contexts/NotificationContext.jsx[22m Could not Fast Refresh ("useNotifications" export is incompatible). Learn more at https://github.com/vitejs/vite-plugin-react/tree/main/packages/plugin-react#consistent-components-exports
[2m00:09:51[22m [36m[1m[vite][22m[39m [32mhmr update [39m[2m/src/index.css, /src/App.jsx, /src/components/Member/AppTopbar.jsx[22m
[2m00:09:51[22m [36m[1m[vite][22m[39m [33mhmr invalidate [39m[2m/src/contexts/ThemeContext.jsx[22m Could not Fast Refresh ("ThemeContext" export is incompatible). Learn more at https://github.com/vitejs/vite-plugin-react/tree/main/packages/plugin-react#consistent-components-exports
[2m00:09:51[22m [36m[1m[vite][22m[39m [32mhmr update [39m[2m/src/index.css, /src/App.jsx, /src/components/Member/AppTopbar.jsx, /src/pages/Settings.jsx[22m
[2m00:10:05[22m [36m[1m[vite][22m[39m [32mhmr update [39m[2m/src/pages/Profile.jsx, /src/index.css[22m
[2m00:11:09[22m [36m[1m[vite][22m[39m [32mhmr update [39m[2m/src/pages/Profile.jsx, /src/index.css[22m
