
> deenflow-frontend@0.1.0 dev
> vite

Port 5173 is in use, trying another one...
Port 5174 is in use, trying another one...

  [32m[1mVITE[22m v5.4.21[39m  [2mready in [0m[1m3885[22m[2m[0m ms[22m

  [32m➜[39m  [1mLocal[22m:   [36mhttp://localhost:[1m5175[22m/[39m
  [32m➜[39m  [1mNetwork[22m: [36mhttp://172.29.80.1:[1m5175[22m/[39m
  [32m➜[39m  [1mNetwork[22m: [36mhttp://169.254.199.240:[1m5175[22m/[39m
  [32m➜[39m  [1mNetwork[22m: [36mhttp://192.168.56.1:[1m5175[22m/[39m
  [32m➜[39m  [1mNetwork[22m: [36mhttp://192.168.181.126:[1m5175[22m/[39m
[2m[32m  ➜[39m[22m[2m  press [22m[1mh + enter[22m[2m to show help[22m
[2m21:40:01[22m [36m[1m[vite][22m[39m [32mhmr update [39m[2m/src/index.css, /src/App.jsx[22m
[2m21:44:44[22m [36m[1m[vite][22m[39m [32mhmr update [39m[2m/src/index.css, /src/App.jsx[22m
[2m21:44:44[22m [36m[1m[vite][22m[39m [32mhmr update [39m[2m/src/index.css, /src/App.jsx[22m
[2m21:45:50[22m [36m[1m[vite][22m[39m [32mpage reload [39m[2msrc/components/Header.jsx[22m
[2m21:45:50[22m [36m[1m[vite][22m[39m [32mpage reload [39m[2msrc/components/Header.jsx[22m
[2m21:46:45[22m [36m[1m[vite][22m[39m [32mpage reload [39m[2msrc/components/Footer.jsx[22m
[2m21:49:30[22m [36m[1m[vite][22m[39m [32mhmr update [39m[2m/src/index.css, /src/App.jsx[22m
[2m21:49:31[22m [36m[1m[vite][22m[39m [32mhmr update [39m[2m/src/index.css, /src/App.jsx[22m
[2m21:51:38[22m [36m[1m[vite][22m[39m [32mhmr update [39m[2m/src/index.css, /src/App.jsx[22m
[2m21:52:44[22m [36m[1m[vite][22m[39m [32mhmr update [39m[2m/src/index.css, /src/App.jsx[22m
[2m21:52:45[22m [36m[1m[vite][22m[39m [32mhmr update [39m[2m/src/index.css, /src/App.jsx[22m
[2m21:53:14[22m [36m[1m[vite][22m[39m [32mhmr update [39m[2m/src/index.css, /src/App.jsx[22m
[2m23:37:04[22m [36m[1m[vite][22m[39m [32mpage reload [39m[2msrc/components/Admin/AdminSidebar.jsx[22m
[2m23:37:12[22m [36m[1m[vite][22m[39m [32mpage reload [39m[2msrc/components/Member/AppSidebar.jsx[22m
[2m23:39:09[22m [36m[1m[vite][22m[39m [32mhmr update [39m[2m/src/index.css, /src/App.jsx[22m
[2m23:39:26[22m [36m[1m[vite][22m[39m [32mhmr update [39m[2m/src/components/AdminRoute.jsx, /src/index.css[22m
[2m23:39:56[22m [36m[1m[vite][22m[39m [32mhmr update [39m[2m/src/index.css[22m
[2m23:39:56[22m [36m[1m[vite][22m[39m [32mhmr update [39m[2m/src/index.css[22m
[2m23:41:01[22m [36m[1m[vite][22m[39m [32mhmr update [39m[2m/src/contexts/AuthContext.jsx, /src/index.css[22m
[2m23:41:27[22m [36m[1m[vite][22m[39m [32mhmr update [39m[2m/src/contexts/AuthContext.jsx, /src/index.css[22m
[2m23:42:17[22m [36m[1m[vite][22m[39m [32mhmr update [39m[2m/src/contexts/AuthContext.jsx, /src/index.css[22m
[2m00:09:36[22m [36m[1m[vite][22m[39m [32mhmr update [39m[2m/src/contexts/AuthContext.jsx, /src/index.css[22m
[2m00:10:05[22m [36m[1m[vite][22m[39m [32mhmr update [39m[2m/src/index.css, /src/App.jsx[22m
[2m00:10:05[22m [36m[1m[vite][22m[39m [32mhmr update [39m[2m/src/index.css, /src/App.jsx[22m
[2m00:11:09[22m [36m[1m[vite][22m[39m [32mhmr update [39m[2m/src/index.css, /src/App.jsx[22m
